192.41.0.9 - - [20/Jul/2001:15:43:03 -0600] "GET /frontpage/1033/offlogo.gif HTTP/1.1" 404 232 "http://porky.iserver.net/frontpage/1033/copyrole.htm" "Mozilla/4.0 (compatible; MSIE 5.5; Windows NT 5.0)"
192.41.0.9 - - [20/Jul/2001:15:43:03 -0600] "GET /frontpage/1033/settings.gif HTTP/1.1" 404 233 "http://porky.iserver.net/frontpage/1033/copyrole.htm" "Mozilla/4.0 (compatible; MSIE 5.5; Windows NT 5.0)"
192.41.0.9 - - [20/Jul/2001:15:43:03 -0600] "GET /frontpage/1033/warn_lg.gif HTTP/1.1" 404 232 "http://porky.iserver.net/frontpage/1033/copyrole.htm" "Mozilla/4.0 (compatible; MSIE 5.5; Windows NT 5.0)"
192.41.0.9 - - [20/Jul/2001:15:43:03 -0600] "GET /frontpage/1033/blank.gif HTTP/1.1" 404 230 "http://porky.iserver.net/frontpage/1033/copyrole.htm" "Mozilla/4.0 (compatible; MSIE 5.5; Windows NT 5.0)"
192.41.0.9 - - [20/Jul/2001:15:43:06 -0600] "GET /frontpage/1033/fpadmin.htm HTTP/1.1" 200 10010 "http://porky.iserver.net/frontpage/1033/" "Mozilla/4.0 (compatible; MSIE 5.5; Windows NT 5.0)"
192.41.0.9 - - [20/Jul/2001:15:43:06 -0600] "GET /_vti_bin/_vti_adm/1033/webadmin.css HTTP/1.1" 401 409 "http://porky.iserver.net/frontpage/1033/fpadmin.htm" "Mozilla/4.0 (compatible; MSIE 5.5; Windows NT 5.0)"
192.41.0.9 - porky [20/Jul/2001:15:43:17 -0600] "GET /_vti_bin/_vti_adm/1033/webadmin.css HTTP/1.1" 200 3906 "http://porky.iserver.net/frontpage/1033/fpadmin.htm" "Mozilla/4.0 (compatible; MSIE 5.5; Windows NT 5.0)"
192.41.0.9 - - [20/Jul/2001:15:43:17 -0600] "GET /_vti_bin/_vti_adm/rect.gif HTTP/1.1" 401 409 "http://porky.iserver.net/frontpage/1033/fpadmin.htm" "Mozilla/4.0 (compatible; MSIE 5.5; Windows NT 5.0)"
192.41.0.9 - - [20/Jul/2001:15:43:17 -0600] "GET /_vti_bin/_vti_adm/settings.gif HTTP/1.1" 401 409 "http://porky.iserver.net/frontpage/1033/fpadmin.htm" "Mozilla/4.0 (compatible; MSIE 5.5; Windows NT 5.0)"
192.41.0.9 - - [20/Jul/2001:15:43:17 -0600] "GET /_vti_bin/_vti_adm/offlogo.gif HTTP/1.1" 401 409 "http://porky.iserver.net/frontpage/1033/fpadmin.htm" "Mozilla/4.0 (compatible; MSIE 5.5; Windows NT 5.0)"
192.41.0.9 - - [20/Jul/2001:15:43:17 -0600] "GET /_vti_bin/_vti_adm/1033/IMAGESDIRbluedot.gif HTTP/1.1" 404 249 "http://porky.iserver.net/frontpage/1033/fpadmin.htm" "Mozilla/4.0 (compatible; MSIE 5.5; Windows NT 5.0)"
192.41.0.9 - - [20/Jul/2001:15:43:17 -0600] "GET /_vti_bin/_vti_adm/blank.gif HTTP/1.1" 401 409 "http://porky.iserver.net/frontpage/1033/fpadmin.htm" "Mozilla/4.0 (compatible; MSIE 5.5; Windows NT 5.0)"
192.41.0.9 - - [20/Jul/2001:15:43:17 -0600] "GET /_vti_bin/_vti_adm/warn_lg.gif HTTP/1.1" 401 409 "http://porky.iserver.net/frontpage/1033/fpadmin.htm" "Mozilla/4.0 (compatible; MSIE 5.5; Windows NT 5.0)"
192.41.0.9 - porky [20/Jul/2001:15:43:17 -0600] "GET /_vti_bin/_vti_adm/rect.gif HTTP/1.1" 200 826 "http://porky.iserver.net/frontpage/1033/fpadmin.htm" "Mozilla/4.0 (compatible; MSIE 5.5; Windows NT 5.0)"
192.41.0.9 - porky [20/Jul/2001:15:43:17 -0600] "GET /_vti_bin/_vti_adm/offlogo.gif HTTP/1.1" 200 269 "http://porky.iserver.net/frontpage/1033/fpadmin.htm" "Mozilla/4.0 (compatible; MSIE 5.5; Windows NT 5.0)"
192.41.0.9 - porky [20/Jul/2001:15:43:17 -0600] "GET /_vti_bin/_vti_adm/warn_lg.gif HTTP/1.1" 200 432 "http://porky.iserver.net/frontpage/1033/fpadmin.htm" "Mozilla/4.0 (compatible; MSIE 5.5; Windows NT 5.0)"
192.41.0.9 - porky [20/Jul/2001:15:43:17 -0600] "GET /_vti_bin/_vti_adm/settings.gif HTTP/1.1" 200 883 "http://porky.iserver.net/frontpage/1033/fpadmin.htm" "Mozilla/4.0 (compatible; MSIE 5.5; Windows NT 5.0)"
192.41.0.9 - porky [20/Jul/2001:15:43:17 -0600] "GET /_vti_bin/_vti_adm/blank.gif HTTP/1.1" 200 807 "http://porky.iserver.net/frontpage/1033/fpadmin.htm" "Mozilla/4.0 (compatible; MSIE 5.5; Windows NT 5.0)"
192.41.0.9 - - [20/Jul/2001:15:44:06 -0600] "GET /frontpage/1033/fpadmcgi.exe?page=newsrvr.htm&port=<ows:var%20type=in_loop_var%20name=host>&frport=<ows:var%20type=in_loop_var%20name=friendlynameb> HTTP/1.1" 404 233 "http://porky.iserver.net/frontpage/1033/fpadmin.htm" "Mozilla/4.0 (compatible; MSIE 5.5; Windows NT 5.0)"
192.41.0.9 - - [20/Jul/2001:15:44:07 -0600] "GET /_vti_bin/_vti_adm/1033/IMAGESDIRbluedot.gif HTTP/1.1" 404 249 "http://porky.iserver.net/frontpage/1033/fpadmin.htm" "Mozilla/4.0 (compatible; MSIE 5.5; Windows NT 5.0)"
192.41.0.9 - - [20/Jul/2001:15:44:09 -0600] "GET /frontpage/1033/fpadmcgi.exe?page=newsrvr.htm&port=<ows:var%20type=in_loop_var%20name=host>&frport=<ows:var%20type=in_loop_var%20name=friendlynameb> HTTP/1.1" 404 233 "http://porky.iserver.net/frontpage/1033/fpadmin.htm" "Mozilla/4.0 (compatible; MSIE 5.5; Windows NT 5.0)"
192.41.0.9 - - [20/Jul/2001:15:44:10 -0600] "GET /_vti_bin/_vti_adm/1033/IMAGESDIRbluedot.gif HTTP/1.1" 404 249 "http://porky.iserver.net/frontpage/1033/fpadmin.htm" "Mozilla/4.0 (compatible; MSIE 5.5; Windows NT 5.0)"
192.41.0.9 - - [20/Jul/2001:15:44:13 -0600] "GET /frontpage/1033/fpadmcgi.exe?page=policies.htm HTTP/1.1" 404 233 "http://porky.iserver.net/frontpage/1033/fpadmin.htm" "Mozilla/4.0 (compatible; MSIE 5.5; Windows NT 5.0)"
192.41.0.9 - - [20/Jul/2001:15:44:15 -0600] "GET /_vti_bin/_vti_adm/1033/IMAGESDIRbluedot.gif HTTP/1.1" 404 249 "http://porky.iserver.net/frontpage/1033/fpadmin.htm" "Mozilla/4.0 (compatible; MSIE 5.5; Windows NT 5.0)"
192.41.0.9 - - [20/Jul/2001:15:44:16 -0600] "GET /frontpage/1033/fpadmcgi.exe?page=password.htm HTTP/1.1" 404 233 "http://porky.iserver.net/frontpage/1033/fpadmin.htm" "Mozilla/4.0 (compatible; MSIE 5.5; Windows NT 5.0)"
192.41.0.9 - - [20/Jul/2001:15:44:18 -0600] "GET /_vti_bin/_vti_adm/1033/IMAGESDIRbluedot.gif HTTP/1.1" 404 249 "http://porky.iserver.net/frontpage/1033/fpadmin.htm" "Mozilla/4.0 (compatible; MSIE 5.5; Windows NT 5.0)"
192.41.0.9 - - [20/Jul/2001:15:44:20 -0600] "GET /frontpage/1033/fpadmcgi.exe?page=newsrvr.htm HTTP/1.1" 404 233 "http://porky.iserver.net/frontpage/1033/fpadmin.htm" "Mozilla/4.0 (compatible; MSIE 5.5; Windows NT 5.0)"
192.41.0.9 - - [20/Jul/2001:15:44:21 -0600] "GET /_vti_bin/_vti_adm/1033/IMAGESDIRbluedot.gif HTTP/1.1" 404 249 "http://porky.iserver.net/frontpage/1033/fpadmin.htm" "Mozilla/4.0 (compatible; MSIE 5.5; Windows NT 5.0)"
192.41.0.9 - - [20/Jul/2001:15:46:14 -0600] "GET /frontpage/1033/fpadmin.htm HTTP/1.1" 304 - "http://porky.iserver.net/frontpage/1033/" "Mozilla/4.0 (compatible; MSIE 5.5; Windows NT 5.0)"
192.41.0.9 - porky [20/Jul/2001:15:46:14 -0600] "GET /_vti_bin/_vti_adm/1033/webadmin.css HTTP/1.1" 304 - "http://porky.iserver.net/frontpage/1033/fpadmin.htm" "Mozilla/4.0 (compatible; MSIE 5.5; Windows NT 5.0)"
192.41.0.9 - porky [20/Jul/2001:15:46:14 -0600] "GET /_vti_bin/_vti_adm/offlogo.gif HTTP/1.1" 304 - "http://porky.iserver.net/frontpage/1033/fpadmin.htm" "Mozilla/4.0 (compatible; MSIE 5.5; Windows NT 5.0)"
192.41.0.9 - porky [20/Jul/2001:15:46:14 -0600] "GET /_vti_bin/_vti_adm/rect.gif HTTP/1.1" 304 - "http://porky.iserver.net/frontpage/1033/fpadmin.htm" "Mozilla/4.0 (compatible; MSIE 5.5; Windows NT 5.0)"
192.41.0.9 - porky [20/Jul/2001:15:46:14 -0600] "GET /_vti_bin/_vti_adm/settings.gif HTTP/1.1" 304 - "http://porky.iserver.net/frontpage/1033/fpadmin.htm" "Mozilla/4.0 (compatible; MSIE 5.5; Windows NT 5.0)"
192.41.0.9 - porky [20/Jul/2001:15:46:14 -0600] "GET /_vti_bin/_vti_adm/warn_lg.gif HTTP/1.1" 304 - "http://porky.iserver.net/frontpage/1033/fpadmin.htm" "Mozilla/4.0 (compatible; MSIE 5.5; Windows NT 5.0)"
192.41.0.9 - - [20/Jul/2001:15:46:14 -0600] "GET /_vti_bin/_vti_adm/1033/IMAGESDIRbluedot.gif HTTP/1.1" 404 249 "http://porky.iserver.net/frontpage/1033/fpadmin.htm" "Mozilla/4.0 (compatible; MSIE 5.5; Windows NT 5.0)"
192.41.0.9 - porky [20/Jul/2001:15:46:14 -0600] "GET /_vti_bin/_vti_adm/blank.gif HTTP/1.1" 304 - "http://porky.iserver.net/frontpage/1033/fpadmin.htm" "Mozilla/4.0 (compatible; MSIE 5.5; Windows NT 5.0)"
192.41.0.9 - - [20/Jul/2001:15:46:26 -0600] "GET /frontpage HTTP/1.1" 301 251 "-" "Mozilla/4.0 (compatible; MSIE 5.5; Windows NT 5.0)"
192.41.0.9 - - [20/Jul/2001:15:46:26 -0600] "GET /frontpage/ HTTP/1.1" 200 601 "-" "Mozilla/4.0 (compatible; MSIE 5.5; Windows NT 5.0)"
192.41.0.9 - - [20/Jul/2001:15:46:26 -0600] "GET /icons/back.gif HTTP/1.1" 304 - "http://porky.iserver.net/frontpage/" "Mozilla/4.0 (compatible; MSIE 5.5; Windows NT 5.0)"
192.41.0.9 - - [20/Jul/2001:15:46:26 -0600] "GET /icons/folder.gif HTTP/1.1" 304 - "http://porky.iserver.net/frontpage/" "Mozilla/4.0 (compatible; MSIE 5.5; Windows NT 5.0)"
192.41.0.9 - - [20/Jul/2001:15:46:26 -0600] "GET /icons/blank.gif HTTP/1.1" 304 - "http://porky.iserver.net/frontpage/" "Mozilla/4.0 (compatible; MSIE 5.5; Windows NT 5.0)"
192.41.0.9 - - [20/Jul/2001:15:46:28 -0600] "GET /frontpage/1033/ HTTP/1.1" 200 4959 "http://porky.iserver.net/frontpage/" "Mozilla/4.0 (compatible; MSIE 5.5; Windows NT 5.0)"
192.41.0.9 - - [20/Jul/2001:15:46:29 -0600] "GET /icons/blank.gif HTTP/1.1" 304 - "http://porky.iserver.net/frontpage/1033/" "Mozilla/4.0 (compatible; MSIE 5.5; Windows NT 5.0)"
192.41.0.9 - - [20/Jul/2001:15:46:29 -0600] "GET /icons/back.gif HTTP/1.1" 304 - "http://porky.iserver.net/frontpage/1033/" "Mozilla/4.0 (compatible; MSIE 5.5; Windows NT 5.0)"
192.41.0.9 - - [20/Jul/2001:15:46:29 -0600] "GET /icons/text.gif HTTP/1.1" 304 - "http://porky.iserver.net/frontpage/1033/" "Mozilla/4.0 (compatible; MSIE 5.5; Windows NT 5.0)"
192.41.0.9 - - [20/Jul/2001:15:46:29 -0600] "GET /icons/unknown.gif HTTP/1.1" 304 - "http://porky.iserver.net/frontpage/1033/" "Mozilla/4.0 (compatible; MSIE 5.5; Windows NT 5.0)"
192.41.0.9 - - [20/Jul/2001:15:46:30 -0600] "GET /frontpage/1033/fpadmin.htm HTTP/1.1" 304 - "http://porky.iserver.net/frontpage/1033/" "Mozilla/4.0 (compatible; MSIE 5.5; Windows NT 5.0)"
192.41.0.9 - porky [20/Jul/2001:15:46:30 -0600] "GET /_vti_bin/_vti_adm/1033/webadmin.css HTTP/1.1" 304 - "http://porky.iserver.net/frontpage/1033/fpadmin.htm" "Mozilla/4.0 (compatible; MSIE 5.5; Windows NT 5.0)"
192.41.0.9 - porky [20/Jul/2001:15:46:30 -0600] "GET /_vti_bin/_vti_adm/blank.gif HTTP/1.1" 304 - "http://porky.iserver.net/frontpage/1033/fpadmin.htm" "Mozilla/4.0 (compatible; MSIE 5.5; Windows NT 5.0)"
192.41.0.9 - porky [20/Jul/2001:15:46:30 -0600] "GET /_vti_bin/_vti_adm/offlogo.gif HTTP/1.1" 304 - "http://porky.iserver.net/frontpage/1033/fpadmin.htm" "Mozilla/4.0 (compatible; MSIE 5.5; Windows NT 5.0)"
192.41.0.9 - porky [20/Jul/2001:15:46:30 -0600] "GET /_vti_bin/_vti_adm/settings.gif HTTP/1.1" 304 - "http://porky.iserver.net/frontpage/1033/fpadmin.htm" "Mozilla/4.0 (compatible; MSIE 5.5; Windows NT 5.0)"
192.41.0.9 - porky [20/Jul/2001:15:46:30 -0600] "GET /_vti_bin/_vti_adm/warn_lg.gif HTTP/1.1" 304 - "http://porky.iserver.net/frontpage/1033/fpadmin.htm" "Mozilla/4.0 (compatible; MSIE 5.5; Windows NT 5.0)"
192.41.0.9 - - [20/Jul/2001:15:46:30 -0600] "GET /_vti_bin/_vti_adm/1033/IMAGESDIRbluedot.gif HTTP/1.1" 404 249 "http://porky.iserver.net/frontpage/1033/fpadmin.htm" "Mozilla/4.0 (compatible; MSIE 5.5; Windows NT 5.0)"
192.41.0.9 - porky [20/Jul/2001:15:46:30 -0600] "GET /_vti_bin/_vti_adm/rect.gif HTTP/1.1" 304 - "http://porky.iserver.net/frontpage/1033/fpadmin.htm" "Mozilla/4.0 (compatible; MSIE 5.5; Windows NT 5.0)"
192.41.0.9 - - [20/Jul/2001:15:46:34 -0600] "GET /frontpage/1033/fpadmcgi.exe?page=newsrvr.htm&port=<ows:var%20type=in_loop_var%20name=host>&frport=<ows:var%20type=in_loop_var%20name=friendlynameb> HTTP/1.1" 404 233 "http://porky.iserver.net/frontpage/1033/fpadmin.htm" "Mozilla/4.0 (compatible; MSIE 5.5; Windows NT 5.0)"
192.41.0.9 - - [20/Jul/2001:15:46:35 -0600] "GET /_vti_bin/_vti_adm/1033/IMAGESDIRbluedot.gif HTTP/1.1" 404 249 "http://porky.iserver.net/frontpage/1033/fpadmin.htm" "Mozilla/4.0 (compatible; MSIE 5.5; Windows NT 5.0)"
192.41.0.9 - - [20/Jul/2001:15:46:38 -0600] "GET /frontpage/1033/fpadmcgi.exe?page=newsrvr.htm HTTP/1.1" 404 233 "http://porky.iserver.net/frontpage/1033/fpadmin.htm" "Mozilla/4.0 (compatible; MSIE 5.5; Windows NT 5.0)"
192.41.0.9 - - [20/Jul/2001:15:46:39 -0600] "GET /_vti_bin/_vti_adm/1033/IMAGESDIRbluedot.gif HTTP/1.1" 404 249 "http://porky.iserver.net/frontpage/1033/fpadmin.htm" "Mozilla/4.0 (compatible; MSIE 5.5; Windows NT 5.0)"
216.35.103.61 - - [20/Jul/2001:16:41:01 -0600] "GET /robots.txt HTTP/1.0" 404 204 "-" "Slurp/si (slurp@inktomi.com; http://www.inktomi.com/slurp.html)"
216.200.130.206 - - [20/Jul/2001:19:54:57 -0600] "GET /analog/docs/othreps.html HTTP/1.0" 200 17238 "-" "Mozilla/2.0 (compatible; Ask Jeeves)"
216.167.97.169 - - [20/Jul/2001:20:00:45 -0600] "GET / HTTP/1.0" 200 4126 "-" "Mozilla/4.01"
199.172.149.30 - - [21/Jul/2001:03:28:22 -0600] "GET /robots.txt HTTP/1.0" 404 204 "-" "ArchitextSpider"
216.35.116.90 - - [21/Jul/2001:03:49:41 -0600] "GET /robots.txt HTTP/1.0" 404 204 "-" "Mozilla/3.0 (Slurp/si; slurp@inktomi.com; http://www.inktomi.com/slurp.html)"
216.35.116.90 - - [21/Jul/2001:03:50:09 -0600] "GET /robots.txt HTTP/1.0" 404 204 "-" "Mozilla/3.0 (Slurp/si; slurp@inktomi.com; http://www.inktomi.com/slurp.html)"
216.35.116.90 - - [21/Jul/2001:03:53:48 -0600] "GET /robots.txt HTTP/1.0" 404 204 "-" "Mozilla/3.0 (Slurp/si; slurp@inktomi.com; http://www.inktomi.com/slurp.html)"
216.35.116.90 - - [21/Jul/2001:04:39:06 -0600] "GET /robots.txt HTTP/1.0" 404 204 "-" "Mozilla/3.0 (Slurp/si; slurp@inktomi.com; http://www.inktomi.com/slurp.html)"
216.35.116.90 - - [21/Jul/2001:04:39:07 -0600] "GET / HTTP/1.0" 200 4126 "-" "Mozilla/3.0 (Slurp/si; slurp@inktomi.com; http://www.inktomi.com/slurp.html)"
216.35.116.90 - - [21/Jul/2001:04:39:10 -0600] "GET / HTTP/1.0" 200 4126 "-" "Mozilla/3.0 (Slurp/si; slurp@inktomi.com; http://www.inktomi.com/slurp.html)"
216.35.116.90 - - [21/Jul/2001:04:39:12 -0600] "GET / HTTP/1.0" 200 4126 "-" "Mozilla/3.0 (Slurp/si; slurp@inktomi.com; http://www.inktomi.com/slurp.html)"
216.35.116.90 - - [21/Jul/2001:04:39:14 -0600] "GET / HTTP/1.0" 200 4126 "-" "Mozilla/3.0 (Slurp/si; slurp@inktomi.com; http://www.inktomi.com/slurp.html)"
216.35.116.90 - - [21/Jul/2001:04:39:15 -0600] "GET / HTTP/1.0" 200 4126 "-" "Mozilla/3.0 (Slurp/si; slurp@inktomi.com; http://www.inktomi.com/slurp.html)"
216.200.130.206 - - [21/Jul/2001:04:41:02 -0600] "GET /robots.txt HTTP/1.0" 404 204 "-" "Mozilla/2.0 (compatible; Ask Jeeves)"
216.200.130.206 - - [21/Jul/2001:04:52:56 -0600] "HEAD /analog/docs/logfmt.html HTTP/1.0" 200 0 "-" "Mozilla/2.0 (compatible; Ask Jeeves)"
216.200.130.206 - - [21/Jul/2001:04:52:56 -0600] "GET /analog/docs/logfmt.html HTTP/1.0" 200 18417 "-" "Mozilla/2.0 (compatible; Ask Jeeves)"
216.167.97.169 - - [21/Jul/2001:07:20:56 -0600] "GET / HTTP/1.0" 200 4126 "-" "Mozilla/4.01"
64.55.148.53 - - [21/Jul/2001:09:04:38 -0600] "GET /Download/Main.htm HTTP/1.0" 404 211 "-" "Mozilla/2.0 (compatible; Ask Jeeves)"
63.96.157.203 - - [21/Jul/2001:17:03:41 -0600] "GET / HTTP/1.0" 200 4126 "-" "IP*Works! HTTP Component - www.dev-soft.com"
63.96.157.203 - - [21/Jul/2001:17:03:42 -0600] "GET /analog/ HTTP/1.0" 200 14014 "-" "IP*Works! HTTP Component - www.dev-soft.com"
194.131.98.226 - - [21/Jul/2001:17:55:20 -0600] "GET / HTTP/1.1" 200 4126 "-" "MFC_Tear_Sample"
216.167.97.169 - - [21/Jul/2001:18:43:08 -0600] "GET / HTTP/1.0" 200 4126 "-" "Mozilla/4.01"
205.152.52.135 - - [22/Jul/2001:00:46:56 -0600] "GET x HTTP/1.0" 400 256 "-" "-"
216.35.116.92 - - [22/Jul/2001:05:32:33 -0600] "GET /robots.txt HTTP/1.0" 404 204 "-" "Mozilla/3.0 (Slurp/si; slurp@inktomi.com; http://www.inktomi.com/slurp.html)"
216.167.97.169 - - [22/Jul/2001:06:04:25 -0600] "GET / HTTP/1.0" 200 4126 "-" "Mozilla/4.01"
213.40.67.65 - - [22/Jul/2001:06:36:27 -0600] "GET / HTTP/1.1" 200 4126 "-" "Mozilla/4.0 (compatible; MSIE 5.5; Windows 98)"
192.215.71.70 - - [22/Jul/2001:08:00:36 -0600] "HEAD /GreenCard.exe HTTP/1.0" 404 0 "-" "libwww-perl/5.41"
63.236.92.151 - - [22/Jul/2001:08:10:57 -0600] "GET /robots.txt HTTP/1.0" 404 204 "-" "teomaagent1 [crawler-admin@teoma.com]"
216.35.116.92 - - [22/Jul/2001:08:38:38 -0600] "GET /robots.txt HTTP/1.0" 404 204 "-" "Mozilla/3.0 (Slurp/si; slurp@inktomi.com; http://www.inktomi.com/slurp.html)"
216.35.116.92 - - [22/Jul/2001:08:38:40 -0600] "GET / HTTP/1.0" 200 4126 "-" "Mozilla/3.0 (Slurp/si; slurp@inktomi.com; http://www.inktomi.com/slurp.html)"
216.35.116.92 - - [22/Jul/2001:08:38:47 -0600] "GET / HTTP/1.0" 200 4126 "-" "Mozilla/3.0 (Slurp/si; slurp@inktomi.com; http://www.inktomi.com/slurp.html)"
213.86.144.225 - - [22/Jul/2001:11:36:02 -0600] "GET /Green_Card_Service.htm HTTP/1.1" 404 228 "http://www.iit.edu/~agarbul/dv98_u1.html" "Mozilla/4.0 (compatible; MSIE 5.0; Windows NT; DigExt)"
213.86.144.225 - - [22/Jul/2001:11:36:09 -0600] "GET /Green_Card_Service.htm HTTP/1.1" 404 228 "http://www.iit.edu/~agarbul/dv98_u1.html" "Mozilla/4.0 (compatible; MSIE 5.0; Windows NT; DigExt)"
213.86.144.225 - - [22/Jul/2001:11:38:06 -0600] "GET /Green_Card_Service.htm HTTP/1.1" 404 228 "http://www.iit.edu/~agarbul/dv98_u1.html" "Mozilla/4.0 (compatible; MSIE 5.0; Windows NT; DigExt)"
199.172.149.142 - - [22/Jul/2001:15:01:30 -0600] "GET /About.htm HTTP/1.0" 404 203 "-" "ArchitextSpider"
63.62.184.98 - - [22/Jul/2001:15:45:55 -0600] "GET /Download/ISAgent.exe HTTP/1.1" 404 226 "-" "Mozilla/4.01 [en](Win95;I)"
216.167.97.169 - - [22/Jul/2001:17:28:11 -0600] "GET / HTTP/1.0" 200 4126 "-" "Mozilla/4.01"
212.185.44.13 - - [22/Jul/2001:20:46:27 -0600] "GET /robots.txt HTTP/1.1" 404 216 "-" "marvin/infoseek (marvin-team@webseek.de)"
212.185.44.13 - - [22/Jul/2001:20:46:30 -0600] "HEAD / HTTP/1.1" 200 0 "-" "marvin/infoseek (marvin-team@webseek.de)/1.0"
212.185.44.13 - - [22/Jul/2001:20:46:31 -0600] "GET / HTTP/1.1" 200 4126 "-" "marvin/infoseek (marvin-team@webseek.de)/1.0"
199.172.149.141 - - [23/Jul/2001:01:54:05 -0600] "GET /Agent/index.htm HTTP/1.0" 404 209 "-" "ArchitextSpider"
64.55.148.50 - - [23/Jul/2001:01:55:23 -0600] "HEAD / HTTP/1.0" 200 0 "-" "Mozilla/2.0 (compatible; Ask Jeeves)"
64.55.148.50 - - [23/Jul/2001:01:55:24 -0600] "GET / HTTP/1.0" 200 4126 "-" "Mozilla/2.0 (compatible; Ask Jeeves)"
209.247.40.98 - - [23/Jul/2001:03:24:58 -0600] "GET /robots.txt HTTP/1.0" 404 204 "-" "ia_archiver"
209.247.40.98 - - [23/Jul/2001:03:24:58 -0600] "GET / HTTP/1.0" 200 4126 "-" "ia_archiver"
216.167.97.169 - - [23/Jul/2001:04:54:13 -0600] "GET / HTTP/1.0" 200 4126 "-" "Mozilla/4.01"
63.236.92.149 - - [23/Jul/2001:05:55:36 -0600] "GET / HTTP/1.0" 200 4126 "-" "teomaagent crawler-admin@teoma.com"
199.172.149.193 - - [23/Jul/2001:07:12:55 -0600] "GET /Main.htm HTTP/1.0" 404 202 "-" "ArchitextSpider"
208.193.8.66 - - [23/Jul/2001:07:58:56 -0600] "GET /GreenCard.exe HTTP/1.0" 404 207 "http://itprodownloads.com/filedownload?fileid=174340" "Mozilla/4.0 (compatible; MSIE 6.0b; Windows NT 5.0)"
208.193.8.66 - - [23/Jul/2001:07:59:03 -0600] "GET / HTTP/1.0" 200 4126 "http://itprodownloads.com/filedownload?fileid=174340" "Mozilla/4.0 (compatible; MSIE 6.0b; Windows NT 5.0)"
208.193.8.66 - - [23/Jul/2001:08:17:30 -0600] "GET / HTTP/1.0" 304 - "http://itprodownloads.com/filedownload?fileid=174340" "Mozilla/4.0 (compatible; MSIE 6.0b; Windows NT 5.0)"
208.193.8.66 - - [23/Jul/2001:08:18:13 -0600] "GET /GreenCard.exe HTTP/1.0" 404 207 "http://itprodownloads.com/filedownload?fileid=174340" "Mozilla/4.0 (compatible; MSIE 6.0b; Windows NT 5.0)"
208.193.8.66 - - [23/Jul/2001:08:18:51 -0600] "GET /greencard.exe HTTP/1.0" 404 207 "-" "Mozilla/4.0 (compatible; MSIE 6.0b; Windows NT 5.0)"
208.193.8.66 - - [23/Jul/2001:08:21:37 -0600] "GET /GreenCard.exe HTTP/1.0" 404 207 "http://www.win-shareware.com/download.mv" "Mozilla/4.0 (compatible; MSIE 6.0b; Windows NT 5.0)"
195.172.78.242 - - [23/Jul/2001:08:56:54 -0600] "GET /Green_Card_Service.htm HTTP/1.0" 404 216 "http://www.iit.edu/~agarbul/dv98_u1.html" "Mozilla/4.0 (compatible; MSIE 5.0; Windows 95)"
64.39.31.110 - - [23/Jul/2001:09:07:27 -0600] "GET / HTTP/1.0" 200 4126 "-" "Mozilla/4.08 [en] (Win98; I)"
64.55.148.53 - - [23/Jul/2001:11:54:36 -0600] "HEAD /analog/docs/syntax.html HTTP/1.0" 200 0 "-" "Mozilla/2.0 (compatible; Ask Jeeves)"
64.55.148.53 - - [23/Jul/2001:11:54:36 -0600] "GET /analog/docs/syntax.html HTTP/1.0" 200 7328 "-" "Mozilla/2.0 (compatible; Ask Jeeves)"
148.89.253.11 - - [23/Jul/2001:13:02:50 -0600] "GET / HTTP/1.0" 200 4126 "-" "LexiBot/1.00"
148.89.253.11 - - [23/Jul/2001:13:02:51 -0600] "GET / HTTP/1.0" 200 4126 "-" "LexiBot/1.00"
64.55.148.53 - - [23/Jul/2001:15:24:08 -0600] "HEAD /analog/docs/logfile.html HTTP/1.0" 200 0 "-" "Mozilla/2.0 (compatible; Ask Jeeves)"
64.55.148.53 - - [23/Jul/2001:15:24:08 -0600] "GET /analog/docs/logfile.html HTTP/1.0" 200 16086 "-" "Mozilla/2.0 (compatible; Ask Jeeves)"
216.167.97.169 - - [23/Jul/2001:16:08:37 -0600] "GET / HTTP/1.0" 200 4126 "-" "Mozilla/4.01"
64.39.31.110 - - [23/Jul/2001:16:44:20 -0600] "GET / HTTP/1.0" 200 4126 "-" "Mozilla/4.08 [en] (Win98; I)"
192.41.0.13 - - [23/Jul/2001:18:20:42 -0600] "GET / HTTP/1.0" 200 4126 "-" "Mozilla/4.72 [en] (X11; I; FreeBSD 4.1.1-STABLE i386; Nav)"
192.41.0.13 - - [23/Jul/2001:18:20:47 -0600] "GET /server-info HTTP/1.0" 200 34298 "-" "Mozilla/4.72 [en] (X11; I; FreeBSD 4.1.1-STABLE i386; Nav)"
192.41.11.128 - - [25/Jul/2001:14:06:56 -0600] "HEAD/ HTTP/ 1.1" 400 257 "-" "-"
209.202.148.42 - - [25/Jul/2001:15:28:25 -0600] "GET /robots.txt HTTP/1.0" 404 204 "-" "FAST-WebCrawler/2.2.6 (crawler@fast.no; http://www.fast.no/faq/faqfastwebsearch/faqfastwebcrawler.html)"
209.67.206.133 - - [25/Jul/2001:17:34:27 -0600] "GET /robots.txt HTTP/1.0" 404 204 "-" "Slurp/si (slurp@inktomi.com; http://www.inktomi.com/slurp.html)"
63.236.92.151 - - [25/Jul/2001:17:37:35 -0600] "GET /robots.txt HTTP/1.0" 404 204 "-" "teomaagent1 [crawler-admin@teoma.com]"
64.197.195.235 - - [25/Jul/2001:18:24:03 -0600] "GET / HTTP/1.0" 200 4126 "http://www.answersleuth.com/entertainment/gambling/lottery.7.shtml" "Mozilla/4.73 [en] (Win98; U)"
64.68.237.183 - - [25/Jul/2001:19:24:07 -0600] "GET / HTTP/1.1" 200 4126 "http://paradisecash.subportal.com/sn/Business/Misc__Financial_Tools/8438.html" "Mozilla/4.0 (compatible; MSIE 5.5; Windows 98)"
64.68.237.183 - - [25/Jul/2001:19:24:09 -0600] "GET / HTTP/1.1" 200 4126 "http://paradisecash.subportal.com/sn/Business/Misc__Financial_Tools/8438.html" "Mozilla/4.0 (compatible; MSIE 5.5; Windows 98)"
216.167.97.169 - - [25/Jul/2001:22:00:03 -0600] "GET / HTTP/1.0" 200 4126 "-" "Mozilla/4.01"
209.67.206.133 - - [25/Jul/2001:22:00:03 -0600] "GET /robots.txt HTTP/1.0" 404 204 "-" "Slurp/si (slurp@inktomi.com; http://www.inktomi.com/slurp.html)"
216.200.130.205 - - [26/Jul/2001:00:00:32 -0600] "HEAD /analog/images/ HTTP/1.0" 404 0 "-" "Mozilla/2.0 (compatible; Ask Jeeves)"
209.67.206.133 - - [26/Jul/2001:00:21:14 -0600] "GET /robots.txt HTTP/1.0" 404 204 "-" "Slurp/si (slurp@inktomi.com; http://www.inktomi.com/slurp.html)"
209.67.206.133 - - [26/Jul/2001:00:21:15 -0600] "GET / HTTP/1.0" 200 4126 "-" "Slurp/si (slurp@inktomi.com; http://www.inktomi.com/slurp.html)"
194.131.98.226 - - [26/Jul/2001:01:37:09 -0600] "GET / HTTP/1.1" 200 4126 "-" "MFC_Tear_Sample"
199.172.149.217 - - [26/Jul/2001:03:50:06 -0600] "GET /Message_Sent.htm HTTP/1.0" 404 210 "-" "ArchitextSpider"
209.202.148.41 - - [26/Jul/2001:06:31:13 -0600] "GET /robots.txt HTTP/1.0" 404 204 "-" "FAST-WebCrawler/2.2.6 (crawler@fast.no; http://www.fast.no/faq/faqfastwebsearch/faqfastwebcrawler.html)"
203.195.184.62 - - [26/Jul/2001:06:43:25 -0600] "GET / HTTP/1.1" 200 4126 "http://us.f146.mail.yahoo.com/ym/ShowLetter?MsgId=2637_393229_14810_1020_833_0_0&YY=1723&inc=25&order=down&sort=date&pos=17&box=mohan" "Mozilla/4.0 (compatible; MSIE 5.0; Windows 95; DigExt)"
64.39.31.110 - - [26/Jul/2001:08:43:34 -0600] "GET / HTTP/1.0" 200 4126 "-" "Mozilla/4.08 [en] (Win98; I)"
64.39.31.110 - - [26/Jul/2001:09:01:30 -0600] "GET / HTTP/1.0" 200 4126 "-" "Mozilla/4.08 [en] (Win98; I)"
216.167.97.169 - - [26/Jul/2001:09:31:03 -0600] "GET / HTTP/1.0" 200 4126 "-" "Mozilla/4.01"
207.61.25.164 - - [26/Jul/2001:10:35:27 -0600] "GET / HTTP/1.1" 200 4126 "http://www.lycos.com/cgi-bin/pursuit?mtemp=msie.main&etemp=msie.error&maxhits=4&query=dv+lottery&adv=1&cat=dir&pq=" "Mozilla/4.0 (compatible; MSIE 5.5; Windows NT 5.0)"
211.101.236.93 - - [26/Jul/2001:15:23:35 -0600] "GET / HTTP/1.0" 200 4126 "-" "Mozilla/3.0 (compatible; Indy Library)"
211.101.236.93 - - [26/Jul/2001:15:23:36 -0600] "GET /analog/ HTTP/1.0" 200 14014 "-" "Mozilla/3.0 (compatible; Indy Library)"
211.101.236.93 - - [26/Jul/2001:15:23:38 -0600] "GET / HTTP/1.0" 200 4126 "-" "Mozilla/3.0 (compatible; Indy Library)"
198.3.103.65 - - [26/Jul/2001:17:59:49 -0600] "GET /robots.txt HTTP/1.0" 404 204 "-" "ArchitextSpider"
216.167.97.169 - - [26/Jul/2001:21:10:05 -0600] "GET / HTTP/1.0" 200 4126 "-" "Mozilla/4.01"
211.101.236.91 - - [27/Jul/2001:00:42:53 -0600] "GET / HTTP/1.1" 200 4126 "-" "Mozilla/4.0 (compatible; MSIE 5.01; Windows NT 5.0)"
216.35.103.61 - - [27/Jul/2001:05:30:18 -0600] "GET /robots.txt HTTP/1.0" 404 204 "-" "Slurp/si (slurp@inktomi.com; http://www.inktomi.com/slurp.html)"
216.35.103.61 - - [27/Jul/2001:07:31:33 -0600] "GET /robots.txt HTTP/1.0" 404 204 "-" "Slurp/si (slurp@inktomi.com; http://www.inktomi.com/slurp.html)"
216.35.103.61 - - [27/Jul/2001:07:31:34 -0600] "GET / HTTP/1.0" 200 4126 "-" "Slurp/si (slurp@inktomi.com; http://www.inktomi.com/slurp.html)"
216.167.97.169 - - [27/Jul/2001:08:43:43 -0600] "GET / HTTP/1.0" 200 4126 "-" "Mozilla/4.01"
199.172.149.149 - - [27/Jul/2001:09:19:51 -0600] "GET /Agent/Top.htm HTTP/1.0" 404 207 "-" "ArchitextSpider"
166.68.134.175 - - [27/Jul/2001:09:45:31 -0600] "GET / HTTP/1.0" 200 4126 "-" "Mozilla/3.01 (compatible;)"
62.60.54.52 - - [27/Jul/2001:11:31:34 -0600] "GET / HTTP/1.1" 200 4126 "http://groups.google.com/groups?q=free+invoice+quote+software&hl=en&safe=off&rnum=5&selm=341cf5a3.12060519%40news3.ibm.net" "Mozilla/4.0 (compatible; MSIE 5.01; Windows NT 5.0)"
63.236.92.146 - - [27/Jul/2001:13:05:30 -0600] "GET / HTTP/1.0" 200 4126 "-" "teomaagent crawler-admin@teoma.com"
216.239.46.235 - - [27/Jul/2001:15:03:27 -0600] "GET /robots.txt HTTP/1.0" 404 204 "-" "Googlebot/2.1 (+http://www.googlebot.com/bot.html)"
216.239.46.235 - - [27/Jul/2001:15:03:27 -0600] "GET / HTTP/1.0" 200 4126 "-" "Googlebot/2.1 (+http://www.googlebot.com/bot.html)"
216.239.46.184 - - [27/Jul/2001:15:43:48 -0600] "GET /robots.txt HTTP/1.0" 404 204 "-" "Googlebot/2.1 (+http://www.googlebot.com/bot.html)"
216.239.46.184 - - [27/Jul/2001:15:43:48 -0600] "GET /xPicWTW11.htm HTTP/1.0" 404 207 "-" "Googlebot/2.1 (+http://www.googlebot.com/bot.html)"
216.239.46.220 - - [27/Jul/2001:15:59:00 -0600] "GET /robots.txt HTTP/1.0" 404 204 "-" "Googlebot/2.1 (+http://www.googlebot.com/bot.html)"
216.239.46.220 - - [27/Jul/2001:15:59:00 -0600] "GET /Agent/UAP100.htm HTTP/1.0" 404 210 "-" "Googlebot/2.1 (+http://www.googlebot.com/bot.html)"
216.239.46.168 - - [27/Jul/2001:16:07:49 -0600] "GET /Agent/Top.htm HTTP/1.0" 404 207 "-" "Googlebot/2.1 (+http://www.googlebot.com/bot.html)"
216.239.46.223 - - [27/Jul/2001:16:13:26 -0600] "GET /Support/Top.htm HTTP/1.0" 404 209 "-" "Googlebot/2.1 (+http://www.googlebot.com/bot.html)"
216.239.46.235 - - [27/Jul/2001:16:18:18 -0600] "GET /Download/ HTTP/1.0" 404 203 "-" "Googlebot/2.1 (+http://www.googlebot.com/bot.html)"
216.239.46.182 - - [27/Jul/2001:16:21:18 -0600] "GET /Agent/Main.htm HTTP/1.0" 404 208 "-" "Googlebot/2.1 (+http://www.googlebot.com/bot.html)"
216.239.46.220 - - [27/Jul/2001:16:23:54 -0600] "GET /Support/ HTTP/1.0" 404 202 "-" "Googlebot/2.1 (+http://www.googlebot.com/bot.html)"
216.239.46.183 - - [27/Jul/2001:16:26:18 -0600] "GET /robots.txt HTTP/1.0" 404 204 "-" "Googlebot/2.1 (+http://www.googlebot.com/bot.html)"
216.239.46.183 - - [27/Jul/2001:16:26:18 -0600] "GET /Download/Left.htm HTTP/1.0" 404 211 "-" "Googlebot/2.1 (+http://www.googlebot.com/bot.html)"
216.239.46.183 - - [27/Jul/2001:16:28:41 -0600] "GET /Download/Main.htm HTTP/1.0" 404 211 "-" "Googlebot/2.1 (+http://www.googlebot.com/bot.html)"
216.239.46.182 - - [27/Jul/2001:16:31:26 -0600] "GET /Auctions/Nike_Running_Sh4182008.htm HTTP/1.0" 404 229 "-" "Googlebot/2.1 (+http://www.googlebot.com/bot.html)"
216.239.46.183 - - [27/Jul/2001:16:32:39 -0600] "GET /Auctions/Bid_Received.htm HTTP/1.0" 404 219 "-" "Googlebot/2.1 (+http://www.googlebot.com/bot.html)"
216.239.46.168 - - [27/Jul/2001:16:33:53 -0600] "GET /Agent/ HTTP/1.0" 404 200 "-" "Googlebot/2.1 (+http://www.googlebot.com/bot.html)"
216.239.46.182 - - [27/Jul/2001:16:35:11 -0600] "GET /Message_Sent.htm HTTP/1.0" 404 210 "-" "Googlebot/2.1 (+http://www.googlebot.com/bot.html)"
216.239.46.182 - - [27/Jul/2001:16:37:18 -0600] "GET /Auctions/ HTTP/1.0" 404 203 "-" "Googlebot/2.1 (+http://www.googlebot.com/bot.html)"
216.35.103.61 - - [27/Jul/2001:16:41:08 -0600] "GET /robots.txt HTTP/1.0" 404 204 "-" "Slurp/si (slurp@inktomi.com; http://www.inktomi.com/slurp.html)"
216.35.103.61 - - [27/Jul/2001:16:41:08 -0600] "GET / HTTP/1.0" 200 4126 "-" "Slurp/si (slurp@inktomi.com; http://www.inktomi.com/slurp.html)"
216.35.103.61 - - [27/Jul/2001:16:41:09 -0600] "GET / HTTP/1.0" 200 4126 "-" "Slurp/si (slurp@inktomi.com; http://www.inktomi.com/slurp.html)"
216.35.103.61 - - [27/Jul/2001:16:41:09 -0600] "GET / HTTP/1.0" 200 4126 "-" "Slurp/si (slurp@inktomi.com; http://www.inktomi.com/slurp.html)"
216.35.103.61 - - [27/Jul/2001:16:41:10 -0600] "GET / HTTP/1.0" 200 4126 "-" "Slurp/si (slurp@inktomi.com; http://www.inktomi.com/slurp.html)"
195.92.168.182 - - [27/Jul/2001:16:44:30 -0600] "GET /index.htm HTTP/1.1" 404 215 "-" "Mozilla/4.0 (compatible; MSIE 5.5; Windows 98; FREESERVE_IE5)"
216.35.116.93 - - [27/Jul/2001:17:26:04 -0600] "GET /robots.txt HTTP/1.0" 404 204 "-" "Mozilla/3.0 (Slurp/si; slurp@inktomi.com; http://www.inktomi.com/slurp.html)"
216.35.116.93 - - [27/Jul/2001:17:26:07 -0600] "GET /robots.txt HTTP/1.0" 404 204 "-" "Mozilla/3.0 (Slurp/si; slurp@inktomi.com; http://www.inktomi.com/slurp.html)"
216.35.116.93 - - [27/Jul/2001:17:26:07 -0600] "GET / HTTP/1.0" 200 4126 "-" "Mozilla/3.0 (Slurp/si; slurp@inktomi.com; http://www.inktomi.com/slurp.html)"
216.35.116.93 - - [27/Jul/2001:17:26:07 -0600] "GET / HTTP/1.0" 200 4126 "-" "Mozilla/3.0 (Slurp/si; slurp@inktomi.com; http://www.inktomi.com/slurp.html)"
199.172.149.187 - - [27/Jul/2001:18:16:34 -0600] "GET /Auctions/Desktop_Compute4182002.htm HTTP/1.0" 404 229 "-" "ArchitextSpider"
216.167.97.169 - - [27/Jul/2001:20:38:58 -0600] "GET / HTTP/1.0" 200 4126 "-" "Mozilla/4.01"
199.172.149.190 - - [27/Jul/2001:22:56:13 -0600] "GET /Agent/WTW11.htm HTTP/1.0" 404 209 "-" "ArchitextSpider"
194.131.98.226 - - [28/Jul/2001:03:58:07 -0600] "GET / HTTP/1.1" 200 4126 "-" "MFC_Tear_Sample"
209.247.40.105 - - [28/Jul/2001:04:20:31 -0600] "GET /robots.txt HTTP/1.0" 404 204 "-" "ia_archiver"
209.247.40.105 - - [28/Jul/2001:04:20:31 -0600] "GET /Auctions/Soybeans_In_Bul4182011.htm HTTP/1.0" 404 229 "-" "ia_archiver"
209.167.50.22 - - [28/Jul/2001:06:37:53 -0600] "GET /robots.txt HTTP/1.1" 404 216 "-" "LinkWalker"
209.167.50.22 - - [28/Jul/2001:06:37:53 -0600] "GET / HTTP/1.1" 200 4126 "www.streamline-software.com/Support/index.htm" "LinkWalker"
209.167.50.22 - - [28/Jul/2001:06:38:08 -0600] "GET /analog/ HTTP/1.1" 200 14014 "-" "LinkWalker"
216.167.97.169 - - [28/Jul/2001:07:58:47 -0600] "GET / HTTP/1.0" 200 4126 "-" "Mozilla/4.01"
199.172.149.138 - - [28/Jul/2001:11:54:07 -0600] "GET /Agent/WTW11.htm HTTP/1.0" 404 209 "-" "ArchitextSpider"
209.202.148.41 - - [28/Jul/2001:15:02:56 -0600] "GET /robots.txt HTTP/1.0" 404 204 "-" "FAST-WebCrawler/2.2.6 (crawler@fast.no; http://www.fast.no/faq/faqfastwebsearch/faqfastwebcrawler.html)"
216.239.46.19 - - [28/Jul/2001:17:56:50 -0600] "GET /robots.txt HTTP/1.0" 404 204 "-" "Googlebot/2.1 (+http://www.googlebot.com/bot.html)"
216.239.46.19 - - [28/Jul/2001:17:56:51 -0600] "GET / HTTP/1.0" 200 4126 "-" "Googlebot/2.1 (+http://www.googlebot.com/bot.html)"
216.167.97.169 - - [28/Jul/2001:18:24:19 -0600] "GET / HTTP/1.0" 200 4126 "-" "Mozilla/4.01"
209.249.158.146 - - [28/Jul/2001:18:34:06 -0600] "GET / HTTP/1.0" 200 4126 "-" "Mozilla/4.0 (compatible; MSIE 5.01; Windows NT 5.0)"
216.239.46.90 - - [29/Jul/2001:02:11:10 -0600] "GET /robots.txt HTTP/1.0" 404 204 "-" "Googlebot/2.1 (+http://www.googlebot.com/bot.html)"
216.239.46.90 - - [29/Jul/2001:02:11:11 -0600] "GET /Agent/UAP100.htm HTTP/1.0" 404 210 "-" "Googlebot/2.1 (+http://www.googlebot.com/bot.html)"
216.239.46.12 - - [29/Jul/2001:02:13:52 -0600] "GET /Support/Top.htm HTTP/1.0" 404 209 "-" "Googlebot/2.1 (+http://www.googlebot.com/bot.html)"
216.239.46.153 - - [29/Jul/2001:03:47:38 -0600] "GET /Green_Card_Service.htm HTTP/1.0" 404 216 "-" "Googlebot/2.1 (+http://www.googlebot.com/bot.html)"
193.7.255.130 - - [29/Jul/2001:04:26:20 -0600] "GET /robots.txt HTTP/1.1" 404 216 "-" "KIT-Fireball/2.0"
216.167.97.169 - - [29/Jul/2001:05:15:36 -0600] "GET / HTTP/1.0" 200 4126 "-" "Mozilla/4.01"
216.239.46.88 - - [29/Jul/2001:05:18:19 -0600] "GET /Support/ HTTP/1.0" 404 202 "-" "Googlebot/2.1 (+http://www.googlebot.com/bot.html)"
199.172.149.144 - - [29/Jul/2001:06:11:28 -0600] "GET /Agent/Left.htm HTTP/1.0" 404 208 "-" "ArchitextSpider"
216.239.46.56 - - [29/Jul/2001:06:15:51 -0600] "GET /robots.txt HTTP/1.0" 404 204 "-" "Googlebot/2.1 (+http://www.googlebot.com/bot.html)"
216.239.46.56 - - [29/Jul/2001:06:15:52 -0600] "GET /Auctions/ HTTP/1.0" 404 203 "-" "Googlebot/2.1 (+http://www.googlebot.com/bot.html)"
216.35.103.61 - - [29/Jul/2001:07:12:42 -0600] "GET /robots.txt HTTP/1.0" 404 204 "-" "Slurp/si (slurp@inktomi.com; http://www.inktomi.com/slurp.html)"
216.239.46.90 - - [29/Jul/2001:09:06:59 -0600] "GET /Left.htm HTTP/1.0" 404 202 "-" "Googlebot/2.1 (+http://www.googlebot.com/bot.html)"
216.239.46.151 - - [29/Jul/2001:09:08:43 -0600] "GET /Auctions/Desktop_Compute4182002.htm HTTP/1.0" 404 229 "-" "Googlebot/2.1 (+http://www.googlebot.com/bot.html)"
216.239.46.55 - - [29/Jul/2001:09:55:03 -0600] "GET /robots.txt HTTP/1.0" 404 204 "-" "Googlebot/2.1 (+http://www.googlebot.com/bot.html)"
216.239.46.55 - - [29/Jul/2001:09:55:04 -0600] "GET /Agent/ITA10.htm HTTP/1.0" 404 209 "-" "Googlebot/2.1 (+http://www.googlebot.com/bot.html)"
216.239.46.56 - - [29/Jul/2001:09:56:16 -0600] "GET /xWhoIsITB.htm HTTP/1.0" 404 207 "-" "Googlebot/2.1 (+http://www.googlebot.com/bot.html)"
216.239.46.56 - - [29/Jul/2001:09:56:50 -0600] "GET /Download/Top.htm HTTP/1.0" 404 210 "-" "Googlebot/2.1 (+http://www.googlebot.com/bot.html)"
216.239.46.75 - - [29/Jul/2001:10:05:29 -0600] "GET /xPicSA22.htm HTTP/1.0" 404 206 "-" "Googlebot/2.1 (+http://www.googlebot.com/bot.html)"
216.239.46.56 - - [29/Jul/2001:10:05:48 -0600] "GET /Auctions/Nike_Running_Sh4182008.htm HTTP/1.0" 404 229 "-" "Googlebot/2.1 (+http://www.googlebot.com/bot.html)"
216.239.46.80 - - [29/Jul/2001:10:06:25 -0600] "GET /Auctions/Bid_Received.htm HTTP/1.0" 404 219 "-" "Googlebot/2.1 (+http://www.googlebot.com/bot.html)"
216.239.46.148 - - [29/Jul/2001:10:16:25 -0600] "GET /Auctions/Unisex_Wrist_Wa4182003.htm HTTP/1.0" 404 229 "-" "Googlebot/2.1 (+http://www.googlebot.com/bot.html)"
216.239.46.56 - - [29/Jul/2001:10:18:48 -0600] "GET /xPicITA10.htm HTTP/1.0" 404 207 "-" "Googlebot/2.1 (+http://www.googlebot.com/bot.html)"
216.239.46.21 - - [29/Jul/2001:10:19:31 -0600] "GET /Auctions/Dump_Truck_10_T4182004.htm HTTP/1.0" 404 229 "-" "Googlebot/2.1 (+http://www.googlebot.com/bot.html)"
216.239.46.21 - - [29/Jul/2001:10:28:55 -0600] "GET /Agent/Main.htm HTTP/1.0" 404 208 "-" "Googlebot/2.1 (+http://www.googlebot.com/bot.html)"
216.239.46.90 - - [29/Jul/2001:10:29:10 -0600] "GET /Download/Left.htm HTTP/1.0" 404 211 "-" "Googlebot/2.1 (+http://www.googlebot.com/bot.html)"
192.215.71.70 - - [29/Jul/2001:10:31:59 -0600] "HEAD /GreenCard.exe HTTP/1.0" 404 0 "-" "libwww-perl/5.41"
216.239.46.128 - - [29/Jul/2001:10:34:55 -0600] "GET /Auctions/Levi_Jeans_Styl4182010.htm HTTP/1.0" 404 229 "-" "Googlebot/2.1 (+http://www.googlebot.com/bot.html)"
216.239.46.75 - - [29/Jul/2001:10:38:27 -0600] "GET /Agent/ HTTP/1.0" 404 200 "-" "Googlebot/2.1 (+http://www.googlebot.com/bot.html)"
216.239.46.128 - - [29/Jul/2001:10:41:53 -0600] "GET /Message_Sent.htm HTTP/1.0" 404 210 "-" "Googlebot/2.1 (+http://www.googlebot.com/bot.html)"
216.239.46.90 - - [29/Jul/2001:11:04:29 -0600] "GET /Agent/Top.htm HTTP/1.0" 404 207 "-" "Googlebot/2.1 (+http://www.googlebot.com/bot.html)"
216.239.46.27 - - [29/Jul/2001:11:06:16 -0600] "GET /Download/Main.htm HTTP/1.0" 404 211 "-" "Googlebot/2.1 (+http://www.googlebot.com/bot.html)"
216.239.46.55 - - [29/Jul/2001:11:07:25 -0600] "GET /Auctions/Soybeans_In_Bul4182011.htm HTTP/1.0" 404 229 "-" "Googlebot/2.1 (+http://www.googlebot.com/bot.html)"
216.239.46.82 - - [29/Jul/2001:11:08:04 -0600] "GET /Support/Main.htm HTTP/1.0" 404 210 "-" "Googlebot/2.1 (+http://www.googlebot.com/bot.html)"
216.239.46.77 - - [29/Jul/2001:11:23:26 -0600] "GET /Auctions/Ball_Point_Pens4182007.htm HTTP/1.0" 404 229 "-" "Googlebot/2.1 (+http://www.googlebot.com/bot.html)"
216.239.46.80 - - [29/Jul/2001:11:32:38 -0600] "GET /Download/ HTTP/1.0" 404 203 "-" "Googlebot/2.1 (+http://www.googlebot.com/bot.html)"
216.239.46.21 - - [29/Jul/2001:11:49:07 -0600] "GET /Auctions/Portland_Cement4182001.htm HTTP/1.0" 404 229 "-" "Googlebot/2.1 (+http://www.googlebot.com/bot.html)"
216.239.46.97 - - [29/Jul/2001:11:51:50 -0600] "GET /Auctions/Error.htm HTTP/1.0" 404 212 "-" "Googlebot/2.1 (+http://www.googlebot.com/bot.html)"
216.239.46.75 - - [29/Jul/2001:11:54:42 -0600] "GET /xPicWTW11.htm HTTP/1.0" 404 207 "-" "Googlebot/2.1 (+http://www.googlebot.com/bot.html)"
216.239.46.129 - - [29/Jul/2001:11:58:40 -0600] "GET /Purchase/ HTTP/1.0" 404 203 "-" "Googlebot/2.1 (+http://www.googlebot.com/bot.html)"
216.239.46.52 - - [29/Jul/2001:12:00:29 -0600] "GET /Auctions/T-Shirt_For_Men4182000.htm HTTP/1.0" 404 229 "-" "Googlebot/2.1 (+http://www.googlebot.com/bot.html)"
216.239.46.90 - - [29/Jul/2001:12:01:12 -0600] "GET /Main.htm HTTP/1.0" 404 202 "-" "Googlebot/2.1 (+http://www.googlebot.com/bot.html)"
216.239.46.97 - - [29/Jul/2001:12:01:43 -0600] "GET /Message_Error.htm HTTP/1.0" 404 211 "-" "Googlebot/2.1 (+http://www.googlebot.com/bot.html)"
216.239.46.82 - - [29/Jul/2001:12:17:37 -0600] "GET /Auctions/Spa_Workout_Sta4182006.htm HTTP/1.0" 404 229 "-" "Googlebot/2.1 (+http://www.googlebot.com/bot.html)"
216.239.46.128 - - [29/Jul/2001:12:18:17 -0600] "GET /robots.txt HTTP/1.0" 404 204 "-" "Googlebot/2.1 (+http://www.googlebot.com/bot.html)"
216.239.46.128 - - [29/Jul/2001:12:18:17 -0600] "GET / HTTP/1.0" 200 4126 "-" "Googlebot/2.1 (+http://www.googlebot.com/bot.html)"
216.239.46.56 - - [29/Jul/2001:12:19:31 -0600] "GET /Auctions/Cellular_Phone_4182005.htm HTTP/1.0" 404 229 "-" "Googlebot/2.1 (+http://www.googlebot.com/bot.html)"
216.239.46.148 - - [29/Jul/2001:12:20:36 -0600] "GET /Agent/WTW11.htm HTTP/1.0" 404 209 "-" "Googlebot/2.1 (+http://www.googlebot.com/bot.html)"
216.239.46.90 - - [29/Jul/2001:12:22:47 -0600] "GET /Agent/Left.htm HTTP/1.0" 404 208 "-" "Googlebot/2.1 (+http://www.googlebot.com/bot.html)"
64.229.139.173 - - [29/Jul/2001:12:23:59 -0600] "GET / HTTP/1.1" 200 4126 "-" "Mozilla/4.0 (compatible; MSIE 5.5; Windows 98; Win 9x 4.90)"
216.239.46.129 - - [29/Jul/2001:12:26:15 -0600] "GET /Support/Left.htm HTTP/1.0" 404 210 "-" "Googlebot/2.1 (+http://www.googlebot.com/bot.html)"
216.239.46.21 - - [29/Jul/2001:12:27:46 -0600] "GET /Auctions/Chrome_Rim_Set_4182009.htm HTTP/1.0" 404 229 "-" "Googlebot/2.1 (+http://www.googlebot.com/bot.html)"
216.239.46.75 - - [29/Jul/2001:12:28:30 -0600] "GET /xPrivacy.htm HTTP/1.0" 404 206 "-" "Googlebot/2.1 (+http://www.googlebot.com/bot.html)"
216.239.46.55 - - [29/Jul/2001:12:29:15 -0600] "GET /About.htm HTTP/1.0" 404 203 "-" "Googlebot/2.1 (+http://www.googlebot.com/bot.html)"
216.239.46.52 - - [29/Jul/2001:12:29:55 -0600] "GET /Top.htm HTTP/1.0" 404 201 "-" "Googlebot/2.1 (+http://www.googlebot.com/bot.html)"
216.35.116.91 - - [29/Jul/2001:12:48:32 -0600] "GET /robots.txt HTTP/1.0" 404 204 "-" "Mozilla/3.0 (Slurp/si; slurp@inktomi.com; http://www.inktomi.com/slurp.html)"
216.35.116.91 - - [29/Jul/2001:12:48:42 -0600] "GET /robots.txt HTTP/1.0" 404 204 "-" "Mozilla/3.0 (Slurp/si; slurp@inktomi.com; http://www.inktomi.com/slurp.html)"
216.35.116.91 - - [29/Jul/2001:12:48:43 -0600] "GET / HTTP/1.0" 200 4126 "-" "Mozilla/3.0 (Slurp/si; slurp@inktomi.com; http://www.inktomi.com/slurp.html)"
216.35.116.91 - - [29/Jul/2001:12:48:43 -0600] "GET / HTTP/1.0" 200 4126 "-" "Mozilla/3.0 (Slurp/si; slurp@inktomi.com; http://www.inktomi.com/slurp.html)"
216.167.97.169 - - [29/Jul/2001:15:16:16 -0600] "GET / HTTP/1.0" 200 4126 "-" "Mozilla/4.01"
199.172.149.204 - - [29/Jul/2001:15:45:32 -0600] "GET /Auctions/Chrome_Rim_Set_4182009.htm HTTP/1.0" 404 229 "-" "ArchitextSpider"
216.239.46.55 - - [29/Jul/2001:16:16:16 -0600] "GET /analog/ HTTP/1.0" 200 14014 "-" "Googlebot/2.1 (+http://www.googlebot.com/bot.html)"
199.172.149.217 - - [29/Jul/2001:18:08:12 -0600] "GET /Auctions/Portland_Cement4182001.htm HTTP/1.0" 404 229 "-" "ArchitextSpider"
199.172.149.143 - - [29/Jul/2001:18:21:11 -0600] "GET /Auctions/Chrome_Rim_Set_4182009.htm HTTP/1.0" 404 229 "-" "ArchitextSpider"
212.135.14.9 - - [29/Jul/2001:21:33:51 -0600] "GET /robots.txt HTTP/1.0" 404 204 "-" "Mozilla/4.0 (compatible; MuscatFerret/2.0; http://www.webtop.com/)"
212.135.14.9 - - [29/Jul/2001:21:33:51 -0600] "GET /Download/Left.htm HTTP/1.0" 404 211 "-" "Mozilla/4.0 (compatible; MuscatFerret/2.0; http://www.webtop.com/)"
216.200.130.205 - - [29/Jul/2001:22:30:48 -0600] "GET /Auctions/Ball_Point_Pens4182007.htm HTTP/1.0" 404 229 "-" "Mozilla/2.0 (compatible; Ask Jeeves)"
64.55.148.54 - - [29/Jul/2001:22:34:28 -0600] "HEAD / HTTP/1.0" 200 0 "-" "Mozilla/2.0 (compatible; Ask Jeeves)"
64.55.148.54 - - [29/Jul/2001:22:34:28 -0600] "GET / HTTP/1.0" 200 4126 "-" "Mozilla/2.0 (compatible; Ask Jeeves)"
212.135.14.9 - - [29/Jul/2001:23:12:45 -0600] "GET /Auctions/Spa_Workout_Sta4182006.htm HTTP/1.0" 404 229 "-" "Mozilla/4.0 (compatible; MuscatFerret/2.0; http://www.webtop.com/)"
212.135.14.9 - - [29/Jul/2001:23:17:13 -0600] "GET /Auctions/Desktop_Compute4182002.htm HTTP/1.0" 404 229 "-" "Mozilla/4.0 (compatible; MuscatFerret/2.0; http://www.webtop.com/)"
216.239.46.75 - - [30/Jul/2001:00:26:59 -0600] "GET / HTTP/1.0" 200 4126 "-" "Googlebot/2.1 (+http://www.googlebot.com/bot.html)"
149.226.255.199 - - [30/Jul/2001:01:04:21 -0600] "GET /Green_Card_Service.htm HTTP/1.0" 404 216 "http://www.iit.edu/~agarbul/dv98_u1.html" "Mozilla/4.0 (compatible; MSIE 5.01; Windows NT)"
212.135.14.9 - - [30/Jul/2001:02:15:53 -0600] "GET /xPicSA22.htm HTTP/1.0" 404 206 "-" "Mozilla/4.0 (compatible; MuscatFerret/2.0; http://www.webtop.com/)"
212.135.14.9 - - [30/Jul/2001:02:19:24 -0600] "GET /Download/Main.htm HTTP/1.0" 404 211 "-" "Mozilla/4.0 (compatible; MuscatFerret/2.0; http://www.webtop.com/)"
212.135.14.9 - - [30/Jul/2001:02:23:19 -0600] "GET /Support/Left.htm HTTP/1.0" 404 210 "-" "Mozilla/4.0 (compatible; MuscatFerret/2.0; http://www.webtop.com/)"
212.135.14.9 - - [30/Jul/2001:02:24:33 -0600] "GET /Agent/ITA10.htm HTTP/1.0" 404 209 "-" "Mozilla/4.0 (compatible; MuscatFerret/2.0; http://www.webtop.com/)"
216.167.97.169 - - [30/Jul/2001:02:37:31 -0600] "GET / HTTP/1.0" 200 4126 "-" "Mozilla/4.01"
210.189.212.62 - - [30/Jul/2001:03:21:44 -0600] "GET / HTTP/1.1" 200 4126 "-" "Mozilla/4.0 (compatible; MSIE 5.5; Windows 98; Win 9x 4.90)"
209.247.40.105 - - [30/Jul/2001:03:35:14 -0600] "GET /robots.txt HTTP/1.0" 404 204 "-" "ia_archiver"
209.247.40.105 - - [30/Jul/2001:03:35:14 -0600] "GET /Auctions/Spa_Workout_Sta4182006.htm HTTP/1.0" 404 229 "-" "ia_archiver"
64.132.15.242 - - [30/Jul/2001:04:42:01 -0600] "GET / HTTP/1.0" 200 4126 "-" "Sqworm/2.9.70-BETA (beta_release; 20010709-734; i686-pc-linux-gnu)"
216.200.130.205 - - [30/Jul/2001:07:49:57 -0600] "GET /analog/docs/include.html HTTP/1.0" 200 13007 "-" "Mozilla/2.0 (compatible; Ask Jeeves)"
66.35.208.60 - - [30/Jul/2001:09:41:37 -0600] "GET / HTTP/1.1" 200 4126 "-" "Mozilla/4.0 compatible ZyBorg/1.0 (ZyBorg@WISEnutbot.com; http://www.WISEnutbot.com)"
199.172.149.141 - - [30/Jul/2001:09:59:33 -0600] "GET /Left.htm HTTP/1.0" 404 202 "-" "ArchitextSpider"
199.172.149.156 - - [30/Jul/2001:11:26:22 -0600] "GET /robots.txt HTTP/1.0" 404 204 "-" "ArchitextSpider"
216.167.97.169 - - [30/Jul/2001:12:41:12 -0600] "GET / HTTP/1.0" 200 4126 "-" "Mozilla/4.01"
216.0.139.130 - - [30/Jul/2001:13:08:49 -0600] "GET / HTTP/1.1" 200 4126 "http://search.excite.com/search.gw?s=Porky+Pig&lk=ie40&c=web" "Mozilla/4.0 (compatible; MSIE 5.0; Windows 98; DigExt)"
199.172.149.131 - - [30/Jul/2001:13:26:58 -0600] "GET /xPicSA22.htm HTTP/1.0" 404 206 "-" "ArchitextSpider"
216.232.60.153 - - [30/Jul/2001:13:29:20 -0600] "GET / HTTP/1.1" 200 4126 "http://locatesoftware.com/Financial-Tools---Misc.htm" "Mozilla/4.0 (compatible; MSIE 5.5; Windows 98)"
216.239.46.96 - - [30/Jul/2001:16:19:18 -0600] "GET /robots.txt HTTP/1.0" 404 204 "-" "Googlebot/2.1 (+http://www.googlebot.com/bot.html)"
216.239.46.96 - - [30/Jul/2001:16:19:18 -0600] "GET /analog/ HTTP/1.0" 200 14014 "-" "Googlebot/2.1 (+http://www.googlebot.com/bot.html)"
216.35.103.79 - - [30/Jul/2001:17:02:31 -0600] "GET /robots.txt HTTP/1.0" 404 204 "-" "Mozilla/3.0 (Slurp/si; slurp@inktomi.com; http://www.inktomi.com/slurp.html)"
208.219.77.29 - - [30/Jul/2001:18:36:31 -0600] "GET /robots.txt HTTP/1.1" 404 216 "-" "Gulliver/1.3"
208.219.77.29 - - [30/Jul/2001:18:37:33 -0600] "HEAD / HTTP/1.1" 200 0 "-" "Gulliver/1.3"
216.35.103.79 - - [30/Jul/2001:19:22:16 -0600] "GET /robots.txt HTTP/1.0" 404 204 "-" "Mozilla/3.0 (Slurp/si; slurp@inktomi.com; http://www.inktomi.com/slurp.html)"
216.35.103.79 - - [30/Jul/2001:19:22:18 -0600] "GET / HTTP/1.0" 200 4126 "-" "Mozilla/3.0 (Slurp/si; slurp@inktomi.com; http://www.inktomi.com/slurp.html)"
216.35.103.79 - - [30/Jul/2001:19:22:19 -0600] "GET / HTTP/1.0" 200 4126 "-" "Mozilla/3.0 (Slurp/si; slurp@inktomi.com; http://www.inktomi.com/slurp.html)"
216.200.130.205 - - [30/Jul/2001:22:01:55 -0600] "GET /robots.txt HTTP/1.0" 404 204 "-" "Mozilla/2.0 (compatible; Ask Jeeves)"
194.131.98.226 - - [30/Jul/2001:22:24:59 -0600] "GET / HTTP/1.1" 200 4126 "-" "MFC_Tear_Sample"
64.55.148.54 - - [30/Jul/2001:22:39:00 -0600] "GET /Auctions/Error.htm HTTP/1.0" 404 212 "-" "Mozilla/2.0 (compatible; Ask Jeeves)"
216.167.97.169 - - [31/Jul/2001:01:56:14 -0600] "GET / HTTP/1.0" 200 4126 "-" "Mozilla/4.01"
209.247.40.98 - - [31/Jul/2001:06:51:46 -0600] "GET /robots.txt HTTP/1.0" 404 204 "-" "ia_archiver"
209.247.40.98 - - [31/Jul/2001:06:51:47 -0600] "GET /Auctions/T-Shirt_For_Men4182000.htm HTTP/1.0" 404 229 "-" "ia_archiver"
216.239.46.153 - - [31/Jul/2001:07:14:00 -0600] "GET /robots.txt HTTP/1.0" 404 204 "-" "Googlebot/2.1 (+http://www.googlebot.com/bot.html)"
216.239.46.153 - - [31/Jul/2001:07:14:01 -0600] "GET /analog/ HTTP/1.0" 200 14014 "-" "Googlebot/2.1 (+http://www.googlebot.com/bot.html)"
61.141.207.12 - - [31/Jul/2001:10:26:00 -0600] "GET /scripts/..%255c..%255cwinnt/system32/cmd.exe?/c+dir+c:\" 404 - "-" "-"
206.159.10.231 - - [31/Jul/2001:12:01:03 -0600] "GET /Entry/ HTTP/1.0" 404 200 "http://groups.google.com/groups?q=green+card+lottery&start=20&hl=en&safe=off&as_drrb=b&as_mind=29&as_minm=3&as_miny=1999&as_maxd=31&as_maxm=7&as_maxy=2001&rnum=21&selm=37755c14.5717423%40netnews.worldnet.att.net" "Mozilla/4.75 [en] (Win98; U)"
206.159.10.231 - - [31/Jul/2001:12:01:10 -0600] "GET /DownLoad/Download.htm HTTP/1.0" 404 215 "http://groups.google.com/groups?q=green+card+lottery&start=20&hl=en&safe=off&as_drrb=b&as_mind=29&as_minm=3&as_miny=1999&as_maxd=31&as_maxm=7&as_maxy=2001&rnum=21&selm=37755c14.5717423%40netnews.worldnet.att.net" "Mozilla/4.75 [en] (Win98; U)"
198.3.103.48 - - [31/Jul/2001:12:16:04 -0600] "GET /Download/Main.htm HTTP/1.0" 404 211 "-" "ArchitextSpider"
216.167.97.169 - - [31/Jul/2001:12:52:58 -0600] "GET / HTTP/1.0" 200 4126 "-" "Mozilla/4.01"
